// Jest Snapshot v1, https://goo.gl/fbAQLP

exports[`Test in <Context /> No 1 1`] = `""`;
